0,4,4,4,8,0
addr,data
0x00000000,0x01
0x00000010,0x02
0x00000020,0x03
0x00000030,0x04
0x00000040,0x05
0x00000050,0x06
0x00000060,0x07
0x00000070,0x08
0x00000080,0x09
0x00000090,0x0A
0x000000A0,0x0B
0x000000B0,0x0C
0x000000C0,0x0D
0x000000D0,0x0E
0x000000E0,0x0F
0x000000F0,0x10
0x00000400,0x11
0x00000410,0x12
0x00000420,0x13
0x00000430,0x14
0x00000440,0x15
0x00000450,0x16
0x00000460,0x17
0x00000470,0x18
0x00000480,0x19
0x00000490,0x1A
0x000004A0,0x1B
0x000004B0,0x1C
0x000004C0,0x1D
0x000004D0,0x1E
0x000004E0,0x1F
0x000004F0,0x20
