0,1,1,1,1,0
0x00000000,0x0000000100000001
0x00000010,0x0000000200000002
0x00000020,0x0000000300000003
0x00000030,0x0000000400000004
0x00000040,0x0000000500000005
0x00000050,0x0000000600000006
0x00000060,0x0000000700000007
0x00000070,0x0000000800000008
0x00000080,0x0000000900000009
0x00000090,0x0000000A0000000A
0x000000A0,0x0000000B0000000B
0x000000B0,0x0000000C0000000C
0x000000C0,0x0000000D0000000D
0x000000D0,0x0000000E0000000E
0x000000E0,0x0000000F0000000F
0x000000F0,0x0000001000000010
0x00000100,0x0000001100000011
0x00000110,0x0000001200000012
0x00000120,0x0000001300000013
0x00000130,0x0000001400000014
0x00000140,0x0000001500000015
0x00000150,0x0000001600000016
0x00000160,0x0000001700000017
0x00000170,0x0000001800000018
0x00000180,0x0000001900000019
0x00000190,0x0000001A0000001A
0x000001A0,0x0000001B0000001B
0x000001B0,0x0000001C0000001C
0x000001C0,0x0000001D0000001D
0x000001D0,0x0000001E0000001E
0x000001E0,0x0000001F0000001F
0x000001F0,0x0000002000000020
0x00000200,0x0000002100000021
0x00000210,0x0000002200000022
0x00000220,0x0000002300000023
0x00000230,0x0000002400000024
0x00000240,0x0000002500000025
0x00000250,0x0000002600000026
0x00000260,0x0000002700000027
0x00000270,0x0000002800000028
0x00000280,0x0000002900000029
0x00000290,0x0000002A0000002A
0x000002A0,0x0000002B0000002B
0x000002B0,0x0000002C0000002C
0x000002C0,0x0000002D0000002D
0x000002D0,0x0000002E0000002E
0x000002E0,0x0000002F0000002F
0x000002F0,0x0000003000000030
0x00000300,0x0000003100000031
0x00000310,0x0000003200000032
0x00000320,0x0000003300000033
0x00000330,0x0000003400000034
0x00000340,0x0000003500000035
0x00000350,0x0000003600000036
0x00000360,0x0000003700000037
0x00000370,0x0000003800000038
0x00000380,0x0000003900000039
0x00000390,0x0000003A0000003A
0x000003A0,0x0000003B0000003B
0x000003B0,0x0000003C0000003C
0x000003C0,0x0000003D0000003D
0x000003D0,0x0000003E0000003E
0x000003E0,0x0000003F0000003F
0x000003F0,0x0000004000000040
